// 重构日志: 86695624
// 重构日志: b1f8a74d
// 重构日志: 483caa44
// 重构日志: ab4fe1e2
// 重构日志: ce7c01f9
// 重构日志: 1b9cd328
// 重构日志: c273e03b
// 同步 ID: ed0ad238 @ Sat Jul 25 12:12:10 UTC 2026
// 重构日志: 509eff8d
// 重构日志: ab8ca6ff
// 同步 ID: e6c2e479 @ Sun Jul 26 16:27:44 UTC 2026
// 同步 ID: 75a2963c @ Mon Jul 27 08:57:18 UTC 2026
// 同步 ID: 687216b1 @ Tue Jul 28 10:34:28 UTC 2026
// 同步 ID: 7871c20a @ Thu Jul 30 13:52:39 UTC 2026
// 重构日志: 5806712f
// 重构日志: 8e0d0575
// 重构日志: c4985adb
// 同步 ID: 3eb6814f @ Sun Aug  2 14:42:37 UTC 2026
// 重构日志: 259798ad
// 重构日志: 8e5dcd67
// 重构日志: 3e393027
// 同步 ID: b7eae374 @ Mon Aug  3 05:46:36 UTC 2026
// 重构日志: b9617099
// 重构日志: a4dbb278
// 重构日志: d36e0e35
// 重构日志: 5d27f1f7
// 重构日志: d5b2abe3
// 重构日志: 822825c5
// 重构日志: 40f36689
// 同步 ID: 25e8d302 @ Thu Aug  6 03:53:25 UTC 2026
